Enter password: 2003
Welcome to the MySQL monitor.  Commands end with ; or \g.
Your MySQL connection id is 11
Server version: 8.0.43 MySQL Community Server - GPL

Copyright (c) 2000, 2025, Oracle and/or its affiliates.

Oracle is a registered trademark of Oracle Corporation and/or its
affiliates. Other names may be trademarks of their respective
owners.

Type 'help;' or '\h' for help. Type '\c' to clear the current input statement.

mysql> show databases;
+--------------------+
| Database           |
+--------------------+
| information_schema |
| mysql              |
| performance_schema |
| sys                |
+--------------------+
4 rows in set (0.24 sec)


mysql> create database nit;
Query OK, 1 row affected (0.08 sec)

mysql> show databases;
+--------------------+
| Database           |
+--------------------+
| information_schema |
| mysql              |
| nit                |
| performance_schema |
| sys                |
+--------------------+
5 rows in set (0.00 sec)

mysql> use nit;
Database changed

mysql> create table student()
    -> ^C (ctrl+c)

mysql> create table student(
    -> name varchar(30),
    -> id int not null primary key,
    -> address varchar(50),
    -> marks int);
Query OK, 0 rows affected (0.20 sec)

mysql> show tables;
+---------------+
| Tables_in_nit |
+---------------+
| student       |
+---------------+
1 row in set (0.00 sec)

mysql> describe student;
+---------+-------------+------+-----+---------+-------+
| Field   | Type        | Null | Key | Default | Extra |
+---------+-------------+------+-----+---------+-------+
| name    | varchar(30) | YES  |     | NULL    |       |
| id      | int         | NO   | PRI | NULL    |       |
| address | varchar(50) | YES  |     | NULL    |       |
| marks   | int         | YES  |     | NULL    |       |
+---------+-------------+------+-----+---------+-------+
4 rows in set (0.00 sec)

mysql> insert into student(marks,id,name,address)values(78,1,'shee','hyd');
Query OK, 1 row affected (0.08 sec)    #Secure way

mysql> describe student;
+---------+-------------+------+-----+---------+-------+
| Field   | Type        | Null | Key | Default | Extra |
+---------+-------------+------+-----+---------+-------+
| name    | varchar(30) | YES  |     | NULL    |       |
| id      | int         | NO   | PRI | NULL    |       |
| address | varchar(50) | YES  |     | NULL    |       |
| marks   | int         | YES  |     | NULL    |       |
+---------+-------------+------+-----+---------+-------+
4 rows in set (0.00 sec)

mysql> insert into student(marks,id,name,address)values(70,2,'rohee','hyd');
Query OK, 1 row affected (0.05 sec)


mysql> insert into student values ('sar',4,'blr',50);  #inSecure way
Query OK, 1 row affected (0.04 sec)

mysql> insert into student values('rag',50,'hyd',90),('vin',25,'Mumbai',60),('renu',28,'blr'80);
ERROR 1064 (42000): You have an error in your SQL syntax; check the manual that corresponds to your MySQL server version for the right syntax to use near '80)' at line 1

mysql> insert into student values('rag',50,'hyd',90),('vin',25,'Mumbai',60),('renu',28,'blr',80);
Query OK, 3 rows affected (0.06 sec)
Records: 3  Duplicates: 0  Warnings: 0

mysql> select * from student;
+-------+----+---------+-------+
| name  | id | address | marks |
+-------+----+---------+-------+
| shee  |  1 | hyd     |    78 |
| rohee |  2 | hyd     |    70 |
| sar   |  4 | blr     |    50 |
| vin   | 25 | Mumbai  |    60 |
| renu  | 28 | blr     |    80 |
| rag   | 50 | hyd     |    90 |
+-------+----+---------+-------+
6 rows in set (0.00 sec)

mysql> select name from student;
+-------+
| name  |
+-------+
| shee  |
| rohee |
| sar   |
| vin   |
| renu  |
| rag   |
+-------+
6 rows in set (0.00 sec)

mysql> select name,id from student;
+-------+----+
| name  | id |
+-------+----+
| shee  |  1 |
| rohee |  2 |
| sar   |  4 |
| vin   | 25 |
| renu  | 28 |
| rag   | 50 |
+-------+----+
6 rows in set (0.00 sec)

mysql> select * from student where id=25;
+------+----+---------+-------+
| name | id | address | marks |
+------+----+---------+-------+
| vin  | 25 | Mumbai  |    60 |
+------+----+---------+-------+
1 row in set (0.00 sec)


mysql> select * from student;
+-------+----+---------+-------+
| name  | id | address | marks |
+-------+----+---------+-------+
| shee  |  1 | hyd     |    78 |
| rohee |  2 | hyd     |    70 |
| sar   |  4 | blr     |    50 |
| vin   | 25 | Mumbai  |    60 |
| renu  | 28 | blr     |    80 |
| rag   | 50 | hyd     |    90 |
+-------+----+---------+-------+
6 rows in set (0.00 sec)


mysql> insert into student values('kk',4,'hyd',55);
ERROR 1062 (23000): Duplicate entry '4' for key 'student.PRIMARY'

mysql> update student set address='chennai' where id=2;
Query OK, 1 row affected (0.05 sec)
Rows matched: 1  Changed: 1  Warnings: 0

mysql> select * from student;
+-------+----+---------+-------+
| name  | id | address | marks |
+-------+----+---------+-------+
| shee  |  1 | hyd     |    78 |
| rohee |  2 | chennai |    70 |
| sar   |  4 | blr     |    50 |
| vin   | 25 | Mumbai  |    60 |
| renu  | 28 | blr     |    80 |
| rag   | 50 | hyd     |    90 |
+-------+----+---------+-------+
6 rows in set (0.00 sec)

mysql> update student set address='pune' where name='rag';
Query OK, 1 row affected (0.06 sec)
Rows matched: 1  Changed: 1  Warnings: 0

mysql> select * from student;
+-------+----+---------+-------+
| name  | id | address | marks |
+-------+----+---------+-------+
| shee  |  1 | hyd     |    78 |
| rohee |  2 | chennai |    70 |
| sar   |  4 | blr     |    50 |
| vin   | 25 | Mumbai  |    60 |
| renu  | 28 | blr     |    80 |
| rag   | 50 | pune    |    90 |
+-------+----+---------+-------+
6 rows in set (0.00 sec)

mysql> alter table student add phoneNo int;
Query OK, 0 rows affected (0.10 sec)
Records: 0  Duplicates: 0  Warnings: 0

mysql> select * from student;
+-------+----+---------+-------+---------+
| name  | id | address | marks | phoneNo |
+-------+----+---------+-------+---------+
| shee  |  1 | hyd     |    78 |    NULL |
| rohee |  2 | chennai |    70 |    NULL |
| sar   |  4 | blr     |    50 |    NULL |
| vin   | 25 | Mumbai  |    60 |    NULL |
| renu  | 28 | blr     |    80 |    NULL |
| rag   | 50 | pune    |    90 |    NULL |
+-------+----+---------+-------+---------+
6 rows in set (0.00 sec)

mysql> update student set phoneNo=1001;
Query OK, 6 rows affected (0.05 sec)
Rows matched: 6  Changed: 6  Warnings: 0

mysql> select * from student;
+-------+----+---------+-------+---------+
| name  | id | address | marks | phoneNo |
+-------+----+---------+-------+---------+
| shee  |  1 | hyd     |    78 |    1001 |
| rohee |  2 | chennai |    70 |    1001 |
| sar   |  4 | blr     |    50 |    1001 |
| vin   | 25 | Mumbai  |    60 |    1001 |
| renu  | 28 | blr     |    80 |    1001 |
| rag   | 50 | pune    |    90 |    1001 |
+-------+----+---------+-------+---------+
6 rows in set (0.00 sec)

mysql> update student set phoneNo=789 where id=4;
Query OK, 1 row affected (0.06 sec)
Rows matched: 1  Changed: 1  Warnings: 0

mysql> update student set phoneNo=924 where id=50;
Query OK, 1 row affected (0.03 sec)
Rows matched: 1  Changed: 1  Warnings: 0

mysql> select * from student;
+-------+----+---------+-------+---------+
| name  | id | address | marks | phoneNo |
+-------+----+---------+-------+---------+
| shee  |  1 | hyd     |    78 |    1001 |
| rohee |  2 | chennai |    70 |    1001 |
| sar   |  4 | blr     |    50 |     789 |
| vin   | 25 | Mumbai  |    60 |    1001 |
| renu  | 28 | blr     |    80 |    1001 |
| rag   | 50 | pune    |    90 |     924 |
+-------+----+---------+-------+---------+
6 rows in set (0.00 sec)

mysql> describe student;
+---------+-------------+------+-----+---------+-------+
| Field   | Type        | Null | Key | Default | Extra |
+---------+-------------+------+-----+---------+-------+
| name    | varchar(30) | YES  |     | NULL    |       |
| id      | int         | NO   | PRI | NULL    |       |
| address | varchar(50) | YES  |     | NULL    |       |
| marks   | int         | YES  |     | NULL    |       |
| phoneNo | int         | YES  |     | NULL    |       |
+---------+-------------+------+-----+---------+-------+
5 rows in set (0.01 sec)





===== 2nd ===

mysql> select * from student;
+-------+----+---------+-------+---------+
| name  | id | address | marks | phoneNo |
+-------+----+---------+-------+---------+
| shee  |  1 | hyd     |    78 |     903 |
| rohee |  2 | chennai |    70 |     950 |
| sar   |  4 | blr     |    50 |     789 |
| vin   | 25 | Mumbai  |    60 |     837 |
| renu  | 28 | blr     |    80 |     910 |
| rag   | 50 | pune    |    90 |     924 |
+-------+----+---------+-------+---------+

mysql> describe student;
+---------+-------------+------+-----+---------+-------+
| Field   | Type        | Null | Key | Default | Extra |
+---------+-------------+------+-----+---------+-------+
| name    | varchar(30) | YES  |     | NULL    |       |
| id      | int         | NO   | PRI | NULL    |       |
| address | varchar(50) | YES  |     | NULL    |       |
| marks   | int         | YES  |     | NULL    |       |
| phoneNo | int         | YES  |     | NULL    |       |
+---------+-------------+------+-----+---------+-------+
5 rows in set (0.03 sec)

mysql> alter table student modify column name varchar(60);
Query OK, 0 rows affected (0.13 sec)
Records: 0  Duplicates: 0  Warnings: 0

mysql> describe student;
+---------+-------------+------+-----+---------+-------+
| Field   | Type        | Null | Key | Default | Extra |
+---------+-------------+------+-----+---------+-------+
| name    | varchar(60) | YES  |     | NULL    |       |
| id      | int         | NO   | PRI | NULL    |       |
| address | varchar(50) | YES  |     | NULL    |       |
| marks   | int         | YES  |     | NULL    |       |
| phoneNo | int         | YES  |     | NULL    |       |
+---------+-------------+------+-----+---------+-------+
5 rows in set (0.01 sec)

mysql> select * from student;
+-------+----+---------+-------+---------+
| name  | id | address | marks | phoneNo |
+-------+----+---------+-------+---------+
| shee  |  1 | hyd     |    78 |     903 |
| rohee |  2 | chennai |    70 |     950 |
| sar   |  4 | blr     |    50 |     789 |
| vin   | 25 | Mumbai  |    60 |     837 |
| renu  | 28 | blr     |    80 |     910 |
| rag   | 50 | pune    |    90 |     924 |
+-------+----+---------+-------+---------+
6 rows in set (0.00 sec)

mysql> alter table student drop column phoneNo;
Query OK, 0 rows affected (0.08 sec)
Records: 0  Duplicates: 0  Warnings: 0

mysql> select * from student;
+-------+----+---------+-------+
| name  | id | address | marks |
+-------+----+---------+-------+
| shee  |  1 | hyd     |    78 |
| rohee |  2 | chennai |    70 |
| sar   |  4 | blr     |    50 |
| vin   | 25 | Mumbai  |    60 |
| renu  | 28 | blr     |    80 |
| rag   | 50 | pune    |    90 |
+-------+----+---------+-------+
6 rows in set (0.00 sec)

mysql> delete from student where name ='sar';
Query OK, 1 row affected (0.04 sec)

mysql> select * from student;
+-------+----+---------+-------+
| name  | id | address | marks |
+-------+----+---------+-------+
| shee  |  1 | hyd     |    78 |
| rohee |  2 | chennai |    70 |
| vin   | 25 | Mumbai  |    60 |
| renu  | 28 | blr     |    80 |
| rag   | 50 | pune    |    90 |
+-------+----+---------+-------+
5 rows in set (0.00 sec)

mysql> select sum(marks) from student;
+------------+
| sum(marks) |
+------------+
|        378 |
+------------+
1 row in set (0.06 sec)

mysql> select avg(marks) from student;
+------------+
| avg(marks) |
+------------+
|    75.6000 |
+------------+
1 row in set (0.00 sec)

mysql> select max(marks) from student;
+------------+
| max(marks) |
+------------+
|         90 |
+------------+
1 row in set (0.00 sec)

mysql> select min(marks) from student;
+------------+
| min(marks) |
+------------+
|         60 |
+------------+
1 row in set (0.00 sec)

mysql> select count(name) from student;
+-------------+
| count(name) |
+-------------+
|           5 |
+-------------+
1 row in set (0.00 sec)

mysql> select * from student order by marks;
+-------+----+---------+-------+
| name  | id | address | marks |
+-------+----+---------+-------+
| vin   | 25 | Mumbai  |    60 |
| rohee |  2 | chennai |    70 |
| shee  |  1 | hyd     |    78 |
| renu  | 28 | blr     |    80 |
| rag   | 50 | pune    |    90 |
+-------+----+---------+-------+
5 rows in set (0.00 sec)

mysql> select * from student order by marks desc;
+-------+----+---------+-------+
| name  | id | address | marks |
+-------+----+---------+-------+
| rag   | 50 | pune    |    90 |
| renu  | 28 | blr     |    80 |
| shee  |  1 | hyd     |    78 |
| rohee |  2 | chennai |    70 |
| vin   | 25 | Mumbai  |    60 |
+-------+----+---------+-------+
5 rows in set (0.00 sec)


mysql> select * from student where name like 's%';   #Starts with 's'
+------+----+---------+-------+
| name | id | address | marks |
+------+----+---------+-------+
| shee |  1 | hyd     |    78 |
+------+----+---------+-------+
1 row in set (0.00 sec)

mysql> select * from student where name like 'r%';
+-------+----+---------+-------+
| name  | id | address | marks |
+-------+----+---------+-------+
| rohee |  2 | chennai |    70 |
| renu  | 28 | blr     |    80 |
| rag   | 50 | pune    |    90 |
+-------+----+---------+-------+
3 rows in set (0.00 sec)

mysql> select * from student where name like '%r';
Empty set (0.00 sec)

mysql> select * from student where name like '%e';   #Ends with 'e'
+-------+----+---------+-------+
| name  | id | address | marks |
+-------+----+---------+-------+
| shee  |  1 | hyd     |    78 |
| rohee |  2 | chennai |    70 |
+-------+----+---------+-------+
2 rows in set (0.00 sec)

mysql> select * from student where name like '_a%';  #Where 2nd character is 'a'
+------+----+---------+-------+
| name | id | address | marks |      # Wildcards chars-> % , _
+------+----+---------+-------+
| rag  | 50 | pune    |    90 |
+------+----+---------+-------+
1 row in set (0.00 sec)


mysql> create table emp(
    -> id int not null primary key,
    -> salary int,
    -> empcode int,
    -> name varchar(30));
Query OK, 0 rows affected (0.10 sec)


mysql> describe emp;
+---------+-------------+------+-----+---------+-------+
| Field   | Type        | Null | Key | Default | Extra |
+---------+-------------+------+-----+---------+-------+
| id      | int         | NO   | PRI | NULL    |       |
| salary  | int         | YES  |     | NULL    |       |
| empcode | int         | YES  |     | NULL    |       |
| name    | varchar(30) | YES  |     | NULL    |       |
+---------+-------------+------+-----+---------+-------+
4 rows in set (0.01 sec)

mysql> insert into emp values(2,20000,102,'rohee');
Query OK, 1 row affected (0.04 sec)

mysql> select * from student;
+-------+----+---------+-------+
| name  | id | address | marks |
+-------+----+---------+-------+
| shee  |  1 | hyd     |    78 |
| rohee |  2 | chennai |    70 |
| vin   | 25 | Mumbai  |    60 |
| renu  | 28 | blr     |    80 |
| rag   | 50 | pune    |    90 |
+-------+----+---------+-------+
5 rows in set (0.00 sec)

mysql> insert into emp values(25,40000,105,'vin');
Query OK, 1 row affected (0.04 sec)

mysql> insert into emp values(17,90000,101,'sad');
Query OK, 1 row affected (0.04 sec)

mysql> insert into emp values(6,60000,107,'saru');
Query OK, 1 row affected (0.05 sec)

mysql> insert into emp values(9,70000,109,'vihu');
Query OK, 1 row affected (0.04 sec)

mysql> select * from emp;
+----+--------+---------+-------+
| id | salary | empcode | name  |
+----+--------+---------+-------+
|  2 |  20000 |     102 | rohee |
|  6 |  60000 |     107 | saru  |
|  9 |  70000 |     109 | vihu  |
| 17 |  90000 |     101 | sad   |
| 25 |  40000 |     105 | vin   |
+----+--------+---------+-------+
5 rows in set (0.00 sec)

mysql> select * from student;
+-------+----+---------+-------+
| name  | id | address | marks |
+-------+----+---------+-------+
| shee  |  1 | hyd     |    78 |
| rohee |  2 | chennai |    70 |
| vin   | 25 | Mumbai  |    60 |
| renu  | 28 | blr     |    80 |
| rag   | 50 | pune    |    90 |
+-------+----+---------+-------+
5 rows in set (0.00 sec)


mysql> select * from student inner join emp on student.id=emp.id;
+-------+----+---------+-------+----+--------+---------+-------+
| name  | id | address | marks | id | salary | empcode | name  |
+-------+----+---------+-------+----+--------+---------+-------+
| rohee |  2 | chennai |    70 |  2 |  20000 |     102 | rohee |
| vin   | 25 | Mumbai  |    60 | 25 |  40000 |     105 | vin   |
+-------+----+---------+-------+----+--------+---------+-------+
2 rows in set (0.00 sec)


mysql> select * from emp inner join student on emp.id=student.id;
+----+--------+---------+-------+-------+----+---------+-------+
| id | salary | empcode | name  | name  | id | address | marks |
+----+--------+---------+-------+-------+----+---------+-------+
|  2 |  20000 |     102 | rohee | rohee |  2 | chennai |    70 |
| 25 |  40000 |     105 | vin   | vin   | 25 | Mumbai  |    60 |
+----+--------+---------+-------+-------+----+---------+-------+
2 rows in set (0.00 sec)


mysql> select * from student left join emp on student.id=emp.id;
+-------+----+---------+-------+------+--------+---------+-------+
| name  | id | address | marks | id   | salary | empcode | name  |
+-------+----+---------+-------+------+--------+---------+-------+
| shee  |  1 | hyd     |    78 | NULL |   NULL |    NULL | NULL  |
| rohee |  2 | chennai |    70 |    2 |  20000 |     102 | rohee |
| vin   | 25 | Mumbai  |    60 |   25 |  40000 |     105 | vin   |
| renu  | 28 | blr     |    80 | NULL |   NULL |    NULL | NULL  |
| rag   | 50 | pune    |    90 | NULL |   NULL |    NULL | NULL  |
+-------+----+---------+-------+------+--------+---------+-------+
5 rows in set (0.00 sec)

mysql> select * from emp left join student on student.id=emp.id;
+----+--------+---------+-------+-------+------+---------+-------+
| id | salary | empcode | name  | name  | id   | address | marks |
+----+--------+---------+-------+-------+------+---------+-------+
|  2 |  20000 |     102 | rohee | rohee |    2 | chennai |    70 |
|  6 |  60000 |     107 | saru  | NULL  | NULL | NULL    |  NULL |
|  9 |  70000 |     109 | vihu  | NULL  | NULL | NULL    |  NULL |
| 17 |  90000 |     101 | sad   | NULL  | NULL | NULL    |  NULL |
| 25 |  40000 |     105 | vin   | vin   |   25 | Mumbai  |    60 |
+----+--------+---------+-------+-------+------+---------+-------+
5 rows in set (0.00 sec)

mysql> select * from student right join emp on student.id=emp.id;
+-------+------+---------+-------+----+--------+---------+-------+
| name  | id   | address | marks | id | salary | empcode | name  |
+-------+------+---------+-------+----+--------+---------+-------+
| rohee |    2 | chennai |    70 |  2 |  20000 |     102 | rohee |
| NULL  | NULL | NULL    |  NULL |  6 |  60000 |     107 | saru  |
| NULL  | NULL | NULL    |  NULL |  9 |  70000 |     109 | vihu  |
| NULL  | NULL | NULL    |  NULL | 17 |  90000 |     101 | sad   |
| vin   |   25 | Mumbai  |    60 | 25 |  40000 |     105 | vin   |
+-------+------+---------+-------+----+--------+---------+-------+
5 rows in set (0.00 sec)

mysql> select * from emp right join student on student.id=emp.id;
+------+--------+---------+-------+-------+----+---------+-------+
| id   | salary | empcode | name  | name  | id | address | marks |
+------+--------+---------+-------+-------+----+---------+-------+
| NULL |   NULL |    NULL | NULL  | shee  |  1 | hyd     |    78 |
|    2 |  20000 |     102 | rohee | rohee |  2 | chennai |    70 |
|   25 |  40000 |     105 | vin   | vin   | 25 | Mumbai  |    60 |
| NULL |   NULL |    NULL | NULL  | renu  | 28 | blr     |    80 |
| NULL |   NULL |    NULL | NULL  | rag   | 50 | pune    |    90 |
+------+--------+---------+-------+-------+----+---------+-------+
5 rows in set (0.00 sec)

mysql> select * from student cross join emp;
+-------+----+---------+-------+----+--------+---------+-------+
| name  | id | address | marks | id | salary | empcode | name  |
+-------+----+---------+-------+----+--------+---------+-------+
| rag   | 50 | pune    |    90 |  2 |  20000 |     102 | rohee |
| renu  | 28 | blr     |    80 |  2 |  20000 |     102 | rohee |
| vin   | 25 | Mumbai  |    60 |  2 |  20000 |     102 | rohee |
| rohee |  2 | chennai |    70 |  2 |  20000 |     102 | rohee |
| shee  |  1 | hyd     |    78 |  2 |  20000 |     102 | rohee |
| rag   | 50 | pune    |    90 |  6 |  60000 |     107 | saru  |
| renu  | 28 | blr     |    80 |  6 |  60000 |     107 | saru  |
| vin   | 25 | Mumbai  |    60 |  6 |  60000 |     107 | saru  |
| rohee |  2 | chennai |    70 |  6 |  60000 |     107 | saru  |
| shee  |  1 | hyd     |    78 |  6 |  60000 |     107 | saru  |
| rag   | 50 | pune    |    90 |  9 |  70000 |     109 | vihu  |
| renu  | 28 | blr     |    80 |  9 |  70000 |     109 | vihu  |
| vin   | 25 | Mumbai  |    60 |  9 |  70000 |     109 | vihu  |
| rohee |  2 | chennai |    70 |  9 |  70000 |     109 | vihu  |
| shee  |  1 | hyd     |    78 |  9 |  70000 |     109 | vihu  |
| rag   | 50 | pune    |    90 | 17 |  90000 |     101 | sad   |
| renu  | 28 | blr     |    80 | 17 |  90000 |     101 | sad   |
| vin   | 25 | Mumbai  |    60 | 17 |  90000 |     101 | sad   |
| rohee |  2 | chennai |    70 | 17 |  90000 |     101 | sad   |
| shee  |  1 | hyd     |    78 | 17 |  90000 |     101 | sad   |
| rag   | 50 | pune    |    90 | 25 |  40000 |     105 | vin   |
| renu  | 28 | blr     |    80 | 25 |  40000 |     105 | vin   |
| vin   | 25 | Mumbai  |    60 | 25 |  40000 |     105 | vin   |
| rohee |  2 | chennai |    70 | 25 |  40000 |     105 | vin   |
| shee  |  1 | hyd     |    78 | 25 |  40000 |     105 | vin   |
+-------+----+---------+-------+----+--------+---------+-------+
25 rows in set (0.00 sec)

mysql> select * from emp cross join student;
+----+--------+---------+-------+-------+----+---------+-------+
| id | salary | empcode | name  | name  | id | address | marks |
+----+--------+---------+-------+-------+----+---------+-------+
| 25 |  40000 |     105 | vin   | shee  |  1 | hyd     |    78 |
| 17 |  90000 |     101 | sad   | shee  |  1 | hyd     |    78 |
|  9 |  70000 |     109 | vihu  | shee  |  1 | hyd     |    78 |
|  6 |  60000 |     107 | saru  | shee  |  1 | hyd     |    78 |
|  2 |  20000 |     102 | rohee | shee  |  1 | hyd     |    78 |
| 25 |  40000 |     105 | vin   | rohee |  2 | chennai |    70 |
| 17 |  90000 |     101 | sad   | rohee |  2 | chennai |    70 |
|  9 |  70000 |     109 | vihu  | rohee |  2 | chennai |    70 |
|  6 |  60000 |     107 | saru  | rohee |  2 | chennai |    70 |
|  2 |  20000 |     102 | rohee | rohee |  2 | chennai |    70 |
| 25 |  40000 |     105 | vin   | vin   | 25 | Mumbai  |    60 |
| 17 |  90000 |     101 | sad   | vin   | 25 | Mumbai  |    60 |
|  9 |  70000 |     109 | vihu  | vin   | 25 | Mumbai  |    60 |
|  6 |  60000 |     107 | saru  | vin   | 25 | Mumbai  |    60 |
|  2 |  20000 |     102 | rohee | vin   | 25 | Mumbai  |    60 |
| 25 |  40000 |     105 | vin   | renu  | 28 | blr     |    80 |
| 17 |  90000 |     101 | sad   | renu  | 28 | blr     |    80 |
|  9 |  70000 |     109 | vihu  | renu  | 28 | blr     |    80 |
|  6 |  60000 |     107 | saru  | renu  | 28 | blr     |    80 |
|  2 |  20000 |     102 | rohee | renu  | 28 | blr     |    80 |
| 25 |  40000 |     105 | vin   | rag   | 50 | pune    |    90 |
| 17 |  90000 |     101 | sad   | rag   | 50 | pune    |    90 |
|  9 |  70000 |     109 | vihu  | rag   | 50 | pune    |    90 |
|  6 |  60000 |     107 | saru  | rag   | 50 | pune    |    90 |
|  2 |  20000 |     102 | rohee | rag   | 50 | pune    |    90 |
+----+--------+---------+-------+-------+----+---------+-------+
25 rows in set (0.00 sec)
